#-----------------------------------------------------------
# Vivado v2018.1 (64-bit)
# SW Build 2188600 on Wed Apr  4 18:40:38 MDT 2018
# IP Build 2185939 on Wed Apr  4 20:55:05 MDT 2018
# Start of session at: Thu Jul 11 22:45:09 2019
# Process ID: 14692
# Current directory: C:/Users/IDEAL-INFO/Desktop/VHDL V2/velocity_memory
# Command line: vivado.exe -gui_launcher_event rodinguilauncherevent2188 C:\Users\IDEAL-INFO\Desktop\VHDL V2\velocity_memory\velocity_memory.xpr
# Log file: C:/Users/IDEAL-INFO/Desktop/VHDL V2/velocity_memory/vivado.log
# Journal file: C:/Users/IDEAL-INFO/Desktop/VHDL V2/velocity_memory\vivado.jou
#-----------------------------------------------------------
start_gui
open_project {C:/Users/IDEAL-INFO/Desktop/VHDL V2/velocity_memory/velocity_memory.xpr}
update_compile_order -fileset sources_1
set_property SOURCE_SET sources_1 [get_filesets sim_1]
close [ open {C:/Users/IDEAL-INFO/Desktop/VHDL V2/velocity_memory/velocity_memory_tb.vhd} w ]
add_files -fileset sim_1 {{C:/Users/IDEAL-INFO/Desktop/VHDL V2/velocity_memory/velocity_memory_tb.vhd}}
update_compile_order -fileset sim_1
update_compile_order -fileset sim_1
reset_run synth_1
launch_runs synth_1 -jobs 3
wait_on_run synth_1
launch_simulation
launch_simulation
launch_simulation
source velocity_memory_tb.tcl
relaunch_sim
relaunch_sim
reset_run synth_1
launch_runs synth_1 -jobs 3
wait_on_run synth_1
relaunch_sim
save_wave_config {C:/Users/IDEAL-INFO/Desktop/VHDL V2/velocity_memory/velocity_memory_tb_behav.wcfg}
add_files -fileset sim_1 -norecurse {{C:/Users/IDEAL-INFO/Desktop/VHDL V2/velocity_memory/velocity_memory_tb_behav.wcfg}}
set_property xsim.view {{C:/Users/IDEAL-INFO/Desktop/VHDL V2/velocity_memory/velocity_memory_tb_behav.wcfg}} [get_filesets sim_1]
relaunch_sim
save_wave_config {C:/Users/IDEAL-INFO/Desktop/VHDL V2/velocity_memory/velocity_memory_tb_behav.wcfg}
