#-----------------------------------------------------------
# Webtalk v2018.1 (64-bit)
# SW Build 2188600 on Wed Apr  4 18:40:38 MDT 2018
# IP Build 2185939 on Wed Apr  4 20:55:05 MDT 2018
# Start of session at: Mon Jun 17 00:35:47 2019
# Process ID: 12168
# Current directory: C:/Users/IDEAL-INFO/Desktop/RNG4/Update_Position/Update_Position.sim/sim_1/behav/xsim
# Command line: wbtcv.exe -mode batch -source C:/Users/IDEAL-INFO/Desktop/RNG4/Update_Position/Update_Position.sim/sim_1/behav/xsim/xsim.dir/test_position_behav/webtalk/xsim_webtalk.tcl -notrace
# Log file: C:/Users/IDEAL-INFO/Desktop/RNG4/Update_Position/Update_Position.sim/sim_1/behav/xsim/webtalk.log
# Journal file: C:/Users/IDEAL-INFO/Desktop/RNG4/Update_Position/Update_Position.sim/sim_1/behav/xsim\webtalk.jou
#-----------------------------------------------------------
source C:/Users/IDEAL-INFO/Desktop/RNG4/Update_Position/Update_Position.sim/sim_1/behav/xsim/xsim.dir/test_position_behav/webtalk/xsim_webtalk.tcl -notrace
