#-----------------------------------------------------------
# Vivado v2018.1 (64-bit)
# SW Build 2188600 on Wed Apr  4 18:40:38 MDT 2018
# IP Build 2185939 on Wed Apr  4 20:55:05 MDT 2018
# Start of session at: Wed Jul 10 16:09:00 2019
# Process ID: 6004
# Current directory: C:/Users/IDEAL-INFO/Desktop/VHDL V2/Update_PBest
# Command line: vivado.exe -gui_launcher_event rodinguilauncherevent9368 C:\Users\IDEAL-INFO\Desktop\VHDL V2\Update_PBest\Update_P.xpr
# Log file: C:/Users/IDEAL-INFO/Desktop/VHDL V2/Update_PBest/vivado.log
# Journal file: C:/Users/IDEAL-INFO/Desktop/VHDL V2/Update_PBest\vivado.jou
#-----------------------------------------------------------
start_gui
open_project {C:/Users/IDEAL-INFO/Desktop/VHDL V2/Update_PBest/Update_P.xpr}
update_compile_order -fileset sources_1
export_ip_user_files -of_objects  [get_files {{C:/Users/IDEAL-INFO/Desktop/VHDL V2/Update_PBest/test_Update_P.vhd}}] -no_script -reset -force -quiet
remove_files  -fileset sim_1 {{C:/Users/IDEAL-INFO/Desktop/VHDL V2/Update_PBest/test_Update_P.vhd}}
export_ip_user_files -of_objects  [get_files {{C:/Users/IDEAL-INFO/Desktop/VHDL V2/Update_PBest/test_p_best_behav.wcfg}}] -no_script -reset -force -quiet
remove_files  -fileset sim_1 {{C:/Users/IDEAL-INFO/Desktop/VHDL V2/Update_PBest/test_p_best_behav.wcfg}}
set_property SOURCE_SET sources_1 [get_filesets sim_1]
close [ open {C:/Users/IDEAL-INFO/Desktop/VHDL V2/Update_PBest/Update_P_tb.vhd} w ]
add_files -fileset sim_1 {{C:/Users/IDEAL-INFO/Desktop/VHDL V2/Update_PBest/Update_P_tb.vhd}}
update_compile_order -fileset sim_1
set_property SOURCE_SET sources_1 [get_filesets sim_1]
close [ open {C:/Users/IDEAL-INFO/Desktop/VHDL V2/Update_PBest/Update_P-tb.vhd} w ]
add_files -fileset sim_1 {{C:/Users/IDEAL-INFO/Desktop/VHDL V2/Update_PBest/Update_P-tb.vhd}}
update_compile_order -fileset sim_1
export_ip_user_files -of_objects  [get_files {{C:/Users/IDEAL-INFO/Desktop/VHDL V2/Update_PBest/Update_P-tb.vhd}}] -no_script -reset -force -quiet
remove_files  -fileset sim_1 {{C:/Users/IDEAL-INFO/Desktop/VHDL V2/Update_PBest/Update_P-tb.vhd}}
update_compile_order -fileset sim_1
reset_run synth_1
launch_runs synth_1 -jobs 3
wait_on_run synth_1
launch_simulation
source Update_P_tb.tcl
reset_run synth_1
launch_runs synth_1 -jobs 3
wait_on_run synth_1
relaunch_sim
reset_run synth_1
launch_runs synth_1 -jobs 3
wait_on_run synth_1
relaunch_sim
relaunch_sim
save_wave_config {C:/Users/IDEAL-INFO/Desktop/VHDL V2/Update_PBest/Update_P_tb_behav.wcfg}
add_files -fileset sim_1 -norecurse {{C:/Users/IDEAL-INFO/Desktop/VHDL V2/Update_PBest/Update_P_tb_behav.wcfg}}
set_property xsim.view {{C:/Users/IDEAL-INFO/Desktop/VHDL V2/Update_PBest/test_p_best_behav.wcfg} {C:/Users/IDEAL-INFO/Desktop/VHDL V2/Update_PBest/Update_P_tb_behav.wcfg}} [get_filesets sim_1]
reset_run synth_1
launch_runs synth_1 -jobs 3
wait_on_run synth_1
relaunch_sim
reset_run synth_1
launch_runs synth_1 -jobs 3
wait_on_run synth_1
relaunch_sim
reset_run synth_1
launch_runs synth_1 -jobs 3
wait_on_run synth_1
relaunch_sim
save_wave_config {C:/Users/IDEAL-INFO/Desktop/VHDL V2/Update_PBest/Update_P_tb_behav.wcfg}
reset_run synth_1
launch_runs synth_1 -jobs 3
wait_on_run synth_1
relaunch_sim
reset_run synth_1
launch_runs synth_1 -jobs 3
wait_on_run synth_1
relaunch_sim
reset_run synth_1
launch_runs synth_1 -jobs 3
wait_on_run synth_1
relaunch_sim
reset_run synth_1
launch_runs synth_1 -jobs 3
wait_on_run synth_1
relaunch_sim
relaunch_sim
reset_run synth_1
launch_runs synth_1 -jobs 3
wait_on_run synth_1
relaunch_sim
reset_run synth_1
launch_runs synth_1 -jobs 3
wait_on_run synth_1
reset_run synth_1
launch_runs synth_1 -jobs 3
wait_on_run synth_1
relaunch_sim
reset_run synth_1
launch_runs synth_1 -jobs 3
wait_on_run synth_1
relaunch_sim
save_wave_config {C:/Users/IDEAL-INFO/Desktop/VHDL V2/Update_PBest/Update_P_tb_behav.wcfg}
save_wave_config {C:/Users/IDEAL-INFO/Desktop/VHDL V2/Update_PBest/Update_P_tb_behav.wcfg}
save_wave_config {C:/Users/IDEAL-INFO/Desktop/VHDL V2/Update_PBest/Update_P_tb_behav.wcfg}
save_wave_config {C:/Users/IDEAL-INFO/Desktop/VHDL V2/Update_PBest/Update_P_tb_behav.wcfg}
save_wave_config {C:/Users/IDEAL-INFO/Desktop/VHDL V2/Update_PBest/Update_P_tb_behav.wcfg}
